00:00 +0: loading C:/Users/admin/flutter_web/stock_site/test/widget_test.dart
00:00 +0: Expense Tracker app loads correctly
══╡ EXCEPTION CAUGHT BY FLUTTER TEST FRAMEWORK ╞════════════════════════════════════════════════════
The following TestFailure was thrown running a test:
Expected: exactly one matching candidate
  Actual: _TextWidgetFinder:<Found 0 widgets with text "Expense Summary": []>
   Which: means none were found but one was expected

When the exception was thrown, this was the stack:
#4      main.<anonymous closure> (file:///C:/Users/admin/flutter_web/stock_site/test/widget_test.dart:20:5)
<asynchronous suspension>
#5      testWidgets.<anonymous closure>.<anonymous closure> (package:flutter_test/src/widget_tester.dart:192:15)
<asynchronous suspension>
#6      TestWidgetsFlutterBinding._runTestBody (package:flutter_test/src/binding.dart:1059:5)
<asynchronous suspension>
<asynchronous suspension>
(elided one frame from package:stack_trace)

This was caught by the test expectation on the following line:
  file:///C:/Users/admin/flutter_web/stock_site/test/widget_test.dart line 20
The test description was:
  Expense Tracker app loads correctly
════════════════════════════════════════════════════════════════════════════════════════════════════
00:01 +0 -1: Expense Tracker app loads correctly [E]
  Test failed. See exception logs above.
  The test description was: Expense Tracker app loads correctly
  
00:01 +0 -1: Some tests failed.
